// Jest Snapshot v1, https://goo.gl/fbAQLP

exports[`Pruebas en <Indecision /> Debe de hacer match con el snapshot 1`] = `
<!--v-if-->
<div class="bg-dark"></div>
<div class="indecision-container"><input type="text" placeholder="Haz una pregunta...">
  <p>Recuerda terminar con un '?'</p>
  <!--v-if-->
</div>
`;
